<?xml version="1.0" encoding="UTF-8"?>
<testsuites name="jest tests" tests="5" failures="0" errors="0" time="1.919">
  <testsuite name="rules page" errors="0" failures="0" skipped="0" timestamp="2023-04-05T20:24:54" time="0.653" tests="1">
    <testcase classname="rules page renders without crashing" name="rules page renders without crashing" time="0.023">
    </testcase>
  </testsuite>
  <testsuite name="cards page" errors="0" failures="0" skipped="0" timestamp="2023-04-05T20:24:54" time="0.301" tests="2">
    <testcase classname="cards page renders without crashing" name="cards page renders without crashing" time="0.015">
    </testcase>
    <testcase classname="cards page renders cards page unchange" name="cards page renders cards page unchange" time="0.004">
    </testcase>
  </testsuite>
  <testsuite name="owls page" errors="0" failures="0" skipped="0" timestamp="2023-04-05T20:24:55" time="0.266" tests="1">
    <testcase classname="owls page renders without crashing" name="owls page renders without crashing" time="0.014">
    </testcase>
  </testsuite>
  <testsuite name="map page" errors="0" failures="0" skipped="0" timestamp="2023-04-05T20:24:55" time="0.271" tests="1">
    <testcase classname="map page renders without crashing" name="map page renders without crashing" time="0.019">
    </testcase>
  </testsuite>
</testsuites>